../Drivers/CMSIS/Include/core_cm3.h:1876:26:ITM_SendChar	16	static,ignoring_inline_asm
../Core/Src/main.c:130:5:main	8	static
../Core/Src/main.c:182:6:SystemClock_Config	96	static
../Core/Src/main.c:234:13:MX_ADC_Init	24	static
../Core/Src/main.c:298:13:MX_RTC_Init	32	static
../Core/Src/main.c:361:13:MX_SPI1_Init	8	static
../Core/Src/main.c:399:13:MX_TIM3_Init	48	static
../Core/Src/main.c:463:13:MX_GPIO_Init	40	static
../Core/Src/main.c:532:5:_write	32	static
../Core/Src/main.c:546:6:affichemod	8	static
../Core/Src/main.c:555:6:affiche_num	8	static
../Core/Src/main.c:570:6:affiche_horloge	8	static
../Core/Src/main.c:586:6:affiche_clear	8	static
../Core/Src/main.c:597:6:affiche_fuseau_horaire_et_heure	24	static
../Core/Src/main.c:614:6:affiche_heure_locale	40	static
../Core/Src/main.c:641:6:boucle_affiche	8	static
../Core/Src/main.c:649:6:fonctionmod	8	static
../Core/Src/main.c:724:6:chronometre	24	static
../Core/Src/main.c:760:6:arreter_chronometre	8	static
../Core/Src/main.c:765:6:switchmode	8	static
../Core/Src/main.c:782:6:adcsecondes	24	static
../Core/Src/main.c:797:6:adcminutes	32	static
../Core/Src/main.c:814:6:adcheures	24	static
../Core/Src/main.c:831:6:adcfunction	8	static
../Core/Src/main.c:841:6:adchorloge	8	static
../Core/Src/main.c:851:6:decrementunites	8	static
../Core/Src/main.c:859:6:decrementdizaines	8	static
../Core/Src/main.c:871:6:decrementminutes	8	static
../Core/Src/main.c:884:6:decrementdizainesminutes	8	static
../Core/Src/main.c:899:6:BUZZ	24	static
../Core/Src/main.c:908:6:MOT	8	static
../Core/Src/main.c:927:6:minuteur	8	static
../Core/Src/main.c:952:6:horloge	32	static
../Core/Src/main.c:969:6:inithorloge	8	static
../Core/Src/main.c:973:6:checkhorloge	32	static
../Core/Src/main.c:1002:6:HAL_GPIO_EXTI_Callback	16	static
../Core/Src/main.c:1027:6:Error_Handler	4	static,ignoring_inline_asm
