../Drivers/CMSIS/Include/core_cm3.h:1876:26:ITM_SendChar	16	static,ignoring_inline_asm
../Core/Src/main.c:97:5:main	8	static
../Core/Src/main.c:146:6:SystemClock_Config	80	static
../Core/Src/main.c:190:13:MX_ADC_Init	24	static
../Core/Src/main.c:254:13:MX_SPI1_Init	8	static
../Core/Src/main.c:292:13:MX_TIM3_Init	48	static
../Core/Src/main.c:351:13:MX_GPIO_Init	40	static
../Core/Src/main.c:399:5:_write	32	static
../Core/Src/main.c:413:6:affichemod	8	static
../Core/Src/main.c:428:6:fonctionmod	8	static
../Core/Src/main.c:463:6:chronometre	24	static
../Core/Src/main.c:500:6:arreter_chronometre	8	static
../Core/Src/main.c:516:6:switchmode	8	static
../Core/Src/main.c:533:6:adcsecondes	24	static
../Core/Src/main.c:550:6:adcminutes	24	static
../Core/Src/main.c:567:6:adcfunction	24	static
../Core/Src/main.c:577:6:affiche_num	8	static
../Core/Src/main.c:592:6:decrementunites	8	static
../Core/Src/main.c:600:6:decrementdizaines	8	static
../Core/Src/main.c:613:6:minuteur	8	static
../Core/Src/main.c:622:6:HAL_GPIO_EXTI_Callback	16	static
../Core/Src/main.c:649:6:Error_Handler	4	static,ignoring_inline_asm
