../Drivers/CMSIS/Include/core_cm3.h:1876:26:ITM_SendChar	16	static,ignoring_inline_asm
../Core/Src/main.c:108:5:main	8	static
../Core/Src/main.c:157:6:SystemClock_Config	80	static
../Core/Src/main.c:201:13:MX_ADC_Init	24	static
../Core/Src/main.c:265:13:MX_SPI1_Init	8	static
../Core/Src/main.c:303:13:MX_TIM3_Init	48	static
../Core/Src/main.c:367:13:MX_GPIO_Init	40	static
../Core/Src/main.c:415:5:_write	32	static
../Core/Src/main.c:429:6:affichemod	8	static
../Core/Src/main.c:438:6:affiche_num	8	static
../Core/Src/main.c:453:6:affiche_clear	8	static
../Core/Src/main.c:468:6:fonctionmod	8	static
../Core/Src/main.c:515:6:chronometre	24	static
../Core/Src/main.c:552:6:arreter_chronometre	8	static
../Core/Src/main.c:564:6:switchmode	8	static
../Core/Src/main.c:581:6:adcsecondes	24	static
../Core/Src/main.c:598:6:adcminutes	24	static
../Core/Src/main.c:615:6:adcfunction	8	static
../Core/Src/main.c:624:6:decrementunites	8	static
../Core/Src/main.c:632:6:decrementdizaines	8	static
../Core/Src/main.c:644:6:decrementminutes	8	static
../Core/Src/main.c:657:6:decrementdizainesminutes	8	static
../Core/Src/main.c:672:6:BUZZ	24	static
../Core/Src/main.c:681:6:MOT	24	static
../Core/Src/main.c:692:6:minuteur	8	static
../Core/Src/main.c:716:6:HAL_GPIO_EXTI_Callback	16	static
../Core/Src/main.c:741:6:Error_Handler	4	static,ignoring_inline_asm
