../Drivers/CMSIS/Include/core_cm3.h:1876:26:ITM_SendChar	16	static,ignoring_inline_asm
../Core/Src/main.c:72:5:main	8	static
../Core/Src/main.c:120:6:SystemClock_Config	80	static
../Core/Src/main.c:164:13:MX_ADC_Init	24	static
../Core/Src/main.c:219:13:MX_SPI1_Init	8	static
../Core/Src/main.c:257:13:MX_TIM3_Init	48	static
../Core/Src/main.c:316:13:MX_GPIO_Init	40	static
../Core/Src/main.c:361:5:_write	32	static
../Core/Src/main.c:374:6:HAL_GPIO_EXTI_Callback	16	static
../Core/Src/main.c:395:6:mode1	16	static
../Core/Src/main.c:425:6:Error_Handler	4	static,ignoring_inline_asm
