../Drivers/CMSIS/Include/core_cm3.h:1876:26:ITM_SendChar	16	static,ignoring_inline_asm
../Core/Src/main.c:130:5:main	8	static
../Core/Src/main.c:183:6:SystemClock_Config	96	static
../Core/Src/main.c:235:13:MX_ADC_Init	24	static
../Core/Src/main.c:299:13:MX_RTC_Init	32	static
../Core/Src/main.c:362:13:MX_SPI1_Init	8	static
../Core/Src/main.c:400:13:MX_TIM3_Init	48	static
../Core/Src/main.c:464:13:MX_GPIO_Init	40	static
../Core/Src/main.c:533:5:_write	32	static
../Core/Src/main.c:547:6:affichemod	8	static
../Core/Src/main.c:556:6:affiche_num	8	static
../Core/Src/main.c:571:6:affiche_horloge	8	static
../Core/Src/main.c:587:6:affiche_clear	8	static
../Core/Src/main.c:598:6:affiche_fuseau_horaire_et_heure	24	static
../Core/Src/main.c:615:6:affiche_heure_locale	40	static
../Core/Src/main.c:642:6:boucle_affiche	8	static
../Core/Src/main.c:648:6:dodo	8	static
../Core/Src/main.c:654:6:reveil	8	static
../Core/Src/main.c:659:6:fonctionmod	8	static
../Core/Src/main.c:741:6:chronometre	24	static
../Core/Src/main.c:771:6:arreter_chronometre	8	static
../Core/Src/main.c:776:6:switchmode	8	static
../Core/Src/main.c:793:6:adcsecondes	24	static
../Core/Src/main.c:808:6:adcminutes	32	static
../Core/Src/main.c:825:6:adcheures	24	static
../Core/Src/main.c:842:6:adcfunction	8	static
../Core/Src/main.c:852:6:adchorloge	8	static
../Core/Src/main.c:862:6:decrementunites	8	static
../Core/Src/main.c:870:6:decrementdizaines	8	static
../Core/Src/main.c:882:6:decrementminutes	8	static
../Core/Src/main.c:895:6:decrementdizainesminutes	8	static
../Core/Src/main.c:910:6:BUZZ	24	static
../Core/Src/main.c:919:6:MOT	8	static
../Core/Src/main.c:938:6:minuteur	8	static
../Core/Src/main.c:962:6:horloge	32	static
../Core/Src/main.c:979:6:inithorloge	8	static
../Core/Src/main.c:983:6:checkhorloge	32	static
../Core/Src/main.c:1010:6:HAL_GPIO_EXTI_Callback	16	static
../Core/Src/main.c:1041:6:Error_Handler	4	static,ignoring_inline_asm
