../Drivers/CMSIS/Include/core_cm3.h:1876:26:ITM_SendChar	16	static,ignoring_inline_asm
../Core/Src/main.c:112:5:main	8	static
../Core/Src/main.c:162:6:SystemClock_Config	96	static
../Core/Src/main.c:214:13:MX_ADC_Init	24	static
../Core/Src/main.c:278:13:MX_RTC_Init	32	static
../Core/Src/main.c:341:13:MX_SPI1_Init	8	static
../Core/Src/main.c:379:13:MX_TIM3_Init	48	static
../Core/Src/main.c:443:13:MX_GPIO_Init	40	static
../Core/Src/main.c:491:5:_write	32	static
../Core/Src/main.c:505:6:affichemod	8	static
../Core/Src/main.c:514:6:affiche_num	8	static
../Core/Src/main.c:529:6:affiche_clear	8	static
../Core/Src/main.c:544:6:fonctionmod	8	static
../Core/Src/main.c:597:6:chronometre	24	static
../Core/Src/main.c:634:6:arreter_chronometre	8	static
../Core/Src/main.c:646:6:switchmode	8	static
../Core/Src/main.c:663:6:adcsecondes	24	static
../Core/Src/main.c:680:6:adcminutes	24	static
../Core/Src/main.c:697:6:adcfunction	8	static
../Core/Src/main.c:706:6:decrementunites	8	static
../Core/Src/main.c:714:6:decrementdizaines	8	static
../Core/Src/main.c:726:6:decrementminutes	8	static
../Core/Src/main.c:739:6:decrementdizainesminutes	8	static
../Core/Src/main.c:754:6:BUZZ	24	static
../Core/Src/main.c:763:6:MOT	24	static
../Core/Src/main.c:774:6:minuteur	8	static
../Core/Src/main.c:797:6:horloge	32	static
../Core/Src/main.c:814:6:inithorloge	8	static
../Core/Src/main.c:819:6:HAL_GPIO_EXTI_Callback	16	static
../Core/Src/main.c:844:6:Error_Handler	4	static,ignoring_inline_asm
