../Drivers/CMSIS/Include/core_cm3.h:1876:26:ITM_SendChar	16	static,ignoring_inline_asm
../Core/Src/main.c:116:5:main	8	static
../Core/Src/main.c:167:6:SystemClock_Config	96	static
../Core/Src/main.c:219:13:MX_ADC_Init	24	static
../Core/Src/main.c:283:13:MX_RTC_Init	32	static
../Core/Src/main.c:346:13:MX_SPI1_Init	8	static
../Core/Src/main.c:384:13:MX_TIM3_Init	48	static
../Core/Src/main.c:448:13:MX_GPIO_Init	40	static
../Core/Src/main.c:506:5:_write	32	static
../Core/Src/main.c:520:6:affichemod	8	static
../Core/Src/main.c:529:6:affiche_num	8	static
../Core/Src/main.c:544:6:affiche_horloge	8	static
../Core/Src/main.c:559:6:affiche_clear	8	static
../Core/Src/main.c:574:6:fonctionmod	8	static
../Core/Src/main.c:648:6:chronometre	24	static
../Core/Src/main.c:685:6:arreter_chronometre	8	static
../Core/Src/main.c:697:6:switchmode	8	static
../Core/Src/main.c:714:6:adcsecondes	24	static
../Core/Src/main.c:731:6:adcminutes	32	static
../Core/Src/main.c:748:6:adcheures	24	static
../Core/Src/main.c:765:6:adcfunction	8	static
../Core/Src/main.c:775:6:adchorloge	8	static
../Core/Src/main.c:785:6:decrementunites	8	static
../Core/Src/main.c:793:6:decrementdizaines	8	static
../Core/Src/main.c:805:6:decrementminutes	8	static
../Core/Src/main.c:818:6:decrementdizainesminutes	8	static
../Core/Src/main.c:833:6:BUZZ	24	static
../Core/Src/main.c:842:6:MOT	8	static
../Core/Src/main.c:861:6:minuteur	8	static
../Core/Src/main.c:886:6:horloge	32	static
../Core/Src/main.c:903:6:inithorloge	8	static
../Core/Src/main.c:907:6:checkhorloge	32	static
../Core/Src/main.c:937:6:HAL_GPIO_EXTI_Callback	16	static
../Core/Src/main.c:962:6:Error_Handler	4	static,ignoring_inline_asm
