../Drivers/CMSIS/Include/core_cm3.h:1876:26:ITM_SendChar	16	static,ignoring_inline_asm
../Core/Src/main.c:94:5:main	8	static
../Core/Src/main.c:143:6:SystemClock_Config	80	static
../Core/Src/main.c:187:13:MX_ADC_Init	48	static
../Core/Src/main.c:263:13:MX_SPI1_Init	8	static
../Core/Src/main.c:301:13:MX_TIM3_Init	48	static
../Core/Src/main.c:360:13:MX_GPIO_Init	40	static
../Core/Src/main.c:408:5:_write	32	static
../Core/Src/main.c:424:6:initialisation	16	static
../Core/Src/main.c:440:6:affichemod	8	static
../Core/Src/main.c:455:6:fonctionmod	8	static
../Core/Src/main.c:489:6:chronometre	24	static
../Core/Src/main.c:526:6:arreter_chronometre	8	static
../Core/Src/main.c:542:6:switchmode	8	static
../Core/Src/main.c:559:6:adcfunction	24	static
../Core/Src/main.c:594:6:affiche_num	8	static
../Core/Src/main.c:609:6:decrementunites	8	static
../Core/Src/main.c:617:6:decrementdizaines	8	static
../Core/Src/main.c:630:6:minuteur	8	static
../Core/Src/main.c:638:6:HAL_GPIO_EXTI_Callback	16	static
../Core/Src/main.c:665:6:Error_Handler	4	static,ignoring_inline_asm
