../Drivers/CMSIS/Include/core_cm3.h:1876:26:ITM_SendChar	16	static,ignoring_inline_asm
../Core/Src/main.c:80:5:main	8	static
../Core/Src/main.c:128:6:SystemClock_Config	80	static
../Core/Src/main.c:172:13:MX_ADC_Init	24	static
../Core/Src/main.c:227:13:MX_SPI1_Init	8	static
../Core/Src/main.c:265:13:MX_TIM3_Init	48	static
../Core/Src/main.c:324:13:MX_GPIO_Init	40	static
../Core/Src/main.c:372:5:_write	32	static
../Core/Src/main.c:388:6:initialisation	16	static
../Core/Src/main.c:404:6:affichemod	8	static
../Core/Src/main.c:419:6:fonctionmod	8	static
../Core/Src/main.c:443:6:chronometre	24	static
../Core/Src/main.c:482:6:arreter_chronometre	8	static
../Core/Src/main.c:498:6:switchmode	8	static
../Core/Src/main.c:519:6:HAL_GPIO_EXTI_Callback	16	static
../Core/Src/main.c:545:6:Error_Handler	4	static,ignoring_inline_asm
